// Jest Snapshot v1, https://goo.gl/fbAQLP

exports[`<RadioInput /> should render correctly 1`] = `"<label><input type=\\"radio\\" name=\\"name\\" value=\\"text\\"/><span>text</span></label>"`;
