// Jest Snapshot v1, https://goo.gl/fbAQLP

exports[`<Registration /> should render correctly 1`] = `"<form class=\\"form\\"><div class=\\"input-field col s12\\"><input name=\\"first_name\\" type=\\"text\\" id=\\"first_name\\" placeholder=\\"First Name\\" class=\\"\\"><label for=\\"first_name\\"></label></div><div class=\\"input-field col s12\\"><input name=\\"last_name\\" type=\\"text\\" id=\\"last_name\\" placeholder=\\"Last Name\\" class=\\"\\"><label for=\\"last_name\\"></label></div><div class=\\"input-field col s12\\"><input name=\\"email\\" type=\\"email\\" id=\\"email\\" placeholder=\\"Email\\" class=\\"\\"><label for=\\"email\\"></label></div><div class=\\"input-field col s12\\"><input name=\\"phone\\" type=\\"tel\\" id=\\"phone\\" placeholder=\\"Phone Number\\" class=\\"\\"><label for=\\"phone\\"></label></div><div class=\\"input-field col s12\\"><input name=\\"password\\" type=\\"password\\" id=\\"password\\" placeholder=\\"Password\\" class=\\"\\"><label for=\\"password\\"></label></div><div class=\\"input-field col s12\\"><input name=\\"repeat_password\\" type=\\"password\\" id=\\"repeat_password\\" placeholder=\\"Repeat password\\" class=\\"\\"><label for=\\"repeat_password\\"></label></div><button class=\\"waves-effect waves-light btn\\">submit</button><input type=\\"button\\" class=\\"waves-effect waves-light btn secondary-content blue-grey\\" value=\\"reset\\"></form>"`;
