// Jest Snapshot v1, https://goo.gl/fbAQLP

exports[`<RegistrationQuestions /> should render correctly 1`] = `"<div class=\\"input-field col s12\\"><select name=\\"question_one\\"><option value disabled selected>Choose your option</option><option value=\\"Male\\">Male</option><option value=\\"Female\\">Female</option><option value=\\"Refused\\">Refused</option></select><label>What is your gender?</label></div><div class=\\"input-field col s12\\"><select name=\\"question_two\\"><option value disabled selected>Choose your option</option><option value=\\"Morning\\">Morning</option><option value=\\"Afternoon\\">Afternoon</option><option value=\\"Evening\\">Evening</option></select><label>When do you eat chocolate?</label></div><div class=\\"input-field col s12\\"><select name=\\"question_three\\"><option value disabled selected>Choose your option</option><option value=\\"21\\">21</option><option value=\\"20\\">20</option></select><label>In which century you was born?</label></div><button class=\\"waves-effect waves-light btn\\">submit</button>"`;
